<?xml version="1.0" encoding="UTF-8"?>
<testsuites>
  <testsuite name="/home/halan/Área de trabalho/1262-phpunit-aula0-projeto-inicial./phpunit.xml" tests="15" assertions="31" errors="0" failures="0" skipped="0" time="0.005585">
    <testsuite name="unit" tests="15" assertions="31" errors="0" failures="0" skipped="0" time="0.005585">
      <testsuite name="Alura\Leilao\Tests\Model\LeilaoTest" file="/home/halan/Área de trabalho/1262-phpunit-aula0-projeto-inicial./tests/Model/LeilaoTest.php" tests="4" assertions="9" errors="0" failures="0" skipped="0" time="0.003181">
        <testsuite name="Alura\Leilao\Tests\Model\LeilaoTest::testLeilaoDeveReceberLances" tests="2" assertions="5" errors="0" failures="0" skipped="0" time="0.002452">
          <testcase name="testLeilaoDeveReceberLances with data set &quot;leilao-com-2-lances&quot;" file="/home/halan/Área de trabalho/1262-phpunit-aula0-projeto-inicial./tests/Model/LeilaoTest.php" line="15" class="Alura\Leilao\Tests\Model\LeilaoTest" classname="Alura.Leilao.Tests.Model.LeilaoTest" assertions="3" time="0.002160"/>
          <testcase name="testLeilaoDeveReceberLances with data set &quot;leilao-com-1-lance&quot;" file="/home/halan/Área de trabalho/1262-phpunit-aula0-projeto-inicial./tests/Model/LeilaoTest.php" line="15" class="Alura\Leilao\Tests\Model\LeilaoTest" classname="Alura.Leilao.Tests.Model.LeilaoTest" assertions="2" time="0.000293"/>
        </testsuite>
        <testcase name="testLeilaoNaoDeveReceberLancesConsecutivos" file="/home/halan/Área de trabalho/1262-phpunit-aula0-projeto-inicial./tests/Model/LeilaoTest.php" line="24" class="Alura\Leilao\Tests\Model\LeilaoTest" classname="Alura.Leilao.Tests.Model.LeilaoTest" assertions="2" time="0.000549"/>
        <testcase name="testLeilaoNaoDeveAceitarMaisDe5LancesPorUsuario" file="/home/halan/Área de trabalho/1262-phpunit-aula0-projeto-inicial./tests/Model/LeilaoTest.php" line="36" class="Alura\Leilao\Tests\Model\LeilaoTest" classname="Alura.Leilao.Tests.Model.LeilaoTest" assertions="2" time="0.000180"/>
      </testsuite>
      <testsuite name="Alura\Leilao\Tests\Service\AvaliadorTest" file="/home/halan/Área de trabalho/1262-phpunit-aula0-projeto-inicial./tests/Service/AvaliadorTest.php" tests="11" assertions="22" errors="0" failures="0" skipped="0" time="0.002404">
        <testsuite name="Alura\Leilao\Tests\Service\AvaliadorTest::testAvaliadorDeveEncontrarOMaiorValorDeLances" tests="3" assertions="3" errors="0" failures="0" skipped="0" time="0.000691">
          <testcase name="testAvaliadorDeveEncontrarOMaiorValorDeLances with data set &quot;ordem-crescente&quot;" file="/home/halan/Área de trabalho/1262-phpunit-aula0-projeto-inicial./tests/Service/AvaliadorTest.php" line="29" class="Alura\Leilao\Tests\Service\AvaliadorTest" classname="Alura.Leilao.Tests.Service.AvaliadorTest" assertions="1" time="0.000360"/>
          <testcase name="testAvaliadorDeveEncontrarOMaiorValorDeLances with data set &quot;ordem-decrescente&quot;" file="/home/halan/Área de trabalho/1262-phpunit-aula0-projeto-inicial./tests/Service/AvaliadorTest.php" line="29" class="Alura\Leilao\Tests\Service\AvaliadorTest" classname="Alura.Leilao.Tests.Service.AvaliadorTest" assertions="1" time="0.000168"/>
          <testcase name="testAvaliadorDeveEncontrarOMaiorValorDeLances with data set &quot;ordem-aleatoria&quot;" file="/home/halan/Área de trabalho/1262-phpunit-aula0-projeto-inicial./tests/Service/AvaliadorTest.php" line="29" class="Alura\Leilao\Tests\Service\AvaliadorTest" classname="Alura.Leilao.Tests.Service.AvaliadorTest" assertions="1" time="0.000163"/>
        </testsuite>
        <testsuite name="Alura\Leilao\Tests\Service\AvaliadorTest::testAvaliadorDeveEncontrarOMenorValorDeLances" tests="3" assertions="3" errors="0" failures="0" skipped="0" time="0.000486">
          <testcase name="testAvaliadorDeveEncontrarOMenorValorDeLances with data set &quot;ordem-crescente&quot;" file="/home/halan/Área de trabalho/1262-phpunit-aula0-projeto-inicial./tests/Service/AvaliadorTest.php" line="43" class="Alura\Leilao\Tests\Service\AvaliadorTest" classname="Alura.Leilao.Tests.Service.AvaliadorTest" assertions="1" time="0.000163"/>
          <testcase name="testAvaliadorDeveEncontrarOMenorValorDeLances with data set &quot;ordem-decrescente&quot;" file="/home/halan/Área de trabalho/1262-phpunit-aula0-projeto-inicial./tests/Service/AvaliadorTest.php" line="43" class="Alura\Leilao\Tests\Service\AvaliadorTest" classname="Alura.Leilao.Tests.Service.AvaliadorTest" assertions="1" time="0.000156"/>
          <testcase name="testAvaliadorDeveEncontrarOMenorValorDeLances with data set &quot;ordem-aleatoria&quot;" file="/home/halan/Área de trabalho/1262-phpunit-aula0-projeto-inicial./tests/Service/AvaliadorTest.php" line="43" class="Alura\Leilao\Tests\Service\AvaliadorTest" classname="Alura.Leilao.Tests.Service.AvaliadorTest" assertions="1" time="0.000167"/>
        </testsuite>
        <testsuite name="Alura\Leilao\Tests\Service\AvaliadorTest::testAvaliadorDeveBuscarOs3MaioresValores" tests="3" assertions="12" errors="0" failures="0" skipped="0" time="0.000832">
          <testcase name="testAvaliadorDeveBuscarOs3MaioresValores with data set &quot;ordem-crescente&quot;" file="/home/halan/Área de trabalho/1262-phpunit-aula0-projeto-inicial./tests/Service/AvaliadorTest.php" line="57" class="Alura\Leilao\Tests\Service\AvaliadorTest" classname="Alura.Leilao.Tests.Service.AvaliadorTest" assertions="4" time="0.000190"/>
          <testcase name="testAvaliadorDeveBuscarOs3MaioresValores with data set &quot;ordem-decrescente&quot;" file="/home/halan/Área de trabalho/1262-phpunit-aula0-projeto-inicial./tests/Service/AvaliadorTest.php" line="57" class="Alura\Leilao\Tests\Service\AvaliadorTest" classname="Alura.Leilao.Tests.Service.AvaliadorTest" assertions="4" time="0.000306"/>
          <testcase name="testAvaliadorDeveBuscarOs3MaioresValores with data set &quot;ordem-aleatoria&quot;" file="/home/halan/Área de trabalho/1262-phpunit-aula0-projeto-inicial./tests/Service/AvaliadorTest.php" line="57" class="Alura\Leilao\Tests\Service\AvaliadorTest" classname="Alura.Leilao.Tests.Service.AvaliadorTest" assertions="4" time="0.000336"/>
        </testsuite>
        <testcase name="testLeilaoVazioNaoPodeSerAvaliado" file="/home/halan/Área de trabalho/1262-phpunit-aula0-projeto-inicial./tests/Service/AvaliadorTest.php" line="70" class="Alura\Leilao\Tests\Service\AvaliadorTest" classname="Alura.Leilao.Tests.Service.AvaliadorTest" assertions="2" time="0.000221"/>
        <testcase name="testLeilaoFinalizadoNaoPodeSerAvaliado" file="/home/halan/Área de trabalho/1262-phpunit-aula0-projeto-inicial./tests/Service/AvaliadorTest.php" line="78" class="Alura\Leilao\Tests\Service\AvaliadorTest" classname="Alura.Leilao.Tests.Service.AvaliadorTest" assertions="2" time="0.000174"/>
      </testsuite>
    </testsuite>
  </testsuite>
</testsuites>
